<testsuites id="" name="" tests="1" failures="0" skipped="0" errors="0" time="3.3138260000012814">
<testsuite name="specs\login.spec.ts" timestamp="2026-04-17T20:42:30.323Z" hostname="chromium" tests="1" failures="0" skipped="0" time="1.034" errors="0">
<testcase name="Login Feature › TS01 - Should successfully log in when providing valid credentials" classname="specs\login.spec.ts" time="1.034">
</testcase>
</testsuite>
</testsuites>